` INFO     : Creating --results-dir ./target
` ERROR    : File missing: build specification './csmakefile' could not be found.

 ___  ______  ______  ______  ______  ______  ______  ______  ______  ___
  __)(__  __)(__  __)(__  __)(__  __)(__  __)(__  __)(__  __)(__  __)(__
 (______)(______)(______)(______)(______)(______)(______)(______)(______)


     Begin csmake - version 1.5.18
------------------------------------------------------------------
##################################################
csmake: Failed to launch: Did not find a command section for test-pypi.  Looking for a section called '[command@test-pypi]'
` ERROR    : csmake exited with code 253
` INFO     : csmake exit sequence - ctrl-c disabled
` DEBUG    : csmake pgroup: 21319
` ^%^%^ DEV: processedlist: [['PID', 'PGID', 'CMD'], ['1', '1', '/sbin/init', 'splash'], ['2', '0', '[kthreadd]'], ['3', '0', '[ksoftirqd/0]'], ['5', '0', '[kworker/0:0H]'], ['7', '0', '[rcu_sched]'], ['8', '0', '[rcu_bh]'], ['9', '0', '[migration/0]'], ['10', '0', '[watchdog/0]'], ['11', '0', '[watchdog/1]'], ['12', '0', '[migration/1]'], ['13', '0', '[ksoftirqd/1]'], ['15', '0', '[kworker/1:0H]'], ['16', '0', '[watchdog/2]'], ['17', '0', '[migration/2]'], ['18', '0', '[ksoftirqd/2]'], ['20', '0', '[kworker/2:0H]'], ['21', '0', '[watchdog/3]'], ['22', '0', '[migration/3]'], ['23', '0', '[ksoftirqd/3]'], ['25', '0', '[kworker/3:0H]'], ['26', '0', '[watchdog/4]'], ['27', '0', '[migration/4]'], ['28', '0', '[ksoftirqd/4]'], ['30', '0', '[kworker/4:0H]'], ['31', '0', '[watchdog/5]'], ['32', '0', '[migration/5]'], ['33', '0', '[ksoftirqd/5]'], ['35', '0', '[kworker/5:0H]'], ['36', '0', '[watchdog/6]'], ['37', '0', '[migration/6]'], ['38', '0', '[ksoftirqd/6]'], ['40', '0', '[kworker/6:0H]'], ['41', '0', '[watchdog/7]'], ['42', '0', '[migration/7]'], ['43', '0', '[ksoftirqd/7]'], ['45', '0', '[kworker/7:0H]'], ['46', '0', '[kdevtmpfs]'], ['47', '0', '[netns]'], ['48', '0', '[perf]'], ['49', '0', '[khungtaskd]'], ['50', '0', '[writeback]'], ['51', '0', '[ksmd]'], ['52', '0', '[khugepaged]'], ['53', '0', '[crypto]'], ['54', '0', '[kintegrityd]'], ['55', '0', '[bioset]'], ['56', '0', '[kblockd]'], ['57', '0', '[ata_sff]'], ['58', '0', '[md]'], ['59', '0', '[devfreq_wq]'], ['64', '0', '[kswapd0]'], ['65', '0', '[vmstat]'], ['66', '0', '[fsnotify_mark]'], ['67', '0', '[ecryptfs-kthrea]'], ['83', '0', '[kthrotld]'], ['84', '0', '[acpi_thermal_pm]'], ['85', '0', '[bioset]'], ['86', '0', '[bioset]'], ['87', '0', '[bioset]'], ['88', '0', '[bioset]'], ['89', '0', '[bioset]'], ['90', '0', '[bioset]'], ['91', '0', '[bioset]'], ['92', '0', '[bioset]'], ['93', '0', '[bioset]'], ['94', '0', '[bioset]'], ['95', '0', '[bioset]'], ['96', '0', '[bioset]'], ['97', '0', '[bioset]'], ['98', '0', '[bioset]'], ['99', '0', '[bioset]'], ['100', '0', '[bioset]'], ['101', '0', '[bioset]'], ['102', '0', '[bioset]'], ['103', '0', '[bioset]'], ['104', '0', '[bioset]'], ['105', '0', '[bioset]'], ['106', '0', '[bioset]'], ['107', '0', '[bioset]'], ['108', '0', '[bioset]'], ['114', '0', '[ipv6_addrconf]'], ['128', '0', '[deferwq]'], ['129', '0', '[charger_manager]'], ['178', '0', '[kpsmoused]'], ['184', '0', '[rtsx_pci_sdmmc_]'], ['187', '0', '[scsi_eh_0]'], ['188', '0', '[scsi_tmf_0]'], ['189', '0', '[scsi_eh_1]'], ['190', '0', '[scsi_tmf_1]'], ['191', '0', '[scsi_eh_2]'], ['192', '0', '[scsi_tmf_2]'], ['193', '0', '[scsi_eh_3]'], ['194', '0', '[scsi_tmf_3]'], ['195', '0', '[scsi_eh_4]'], ['196', '0', '[scsi_tmf_4]'], ['197', '0', '[scsi_eh_5]'], ['198', '0', '[scsi_tmf_5]'], ['204', '0', '[bioset]'], ['206', '0', '[bioset]'], ['207', '0', '[bioset]'], ['209', '0', '[bioset]'], ['210', '0', '[bioset]'], ['238', '0', '[bioset]'], ['265', '0', '[kworker/0:1H]'], ['267', '0', '[jbd2/sda2-8]'], ['268', '0', '[ext4-rsv-conver]'], ['299', '0', '[kauditd]'], ['314', '314', '/lib/systemd/systemd-journald'], ['325', '0', '[kworker/3:1H]'], ['338', '338', '/sbin/lvmetad', '-f'], ['344', '0', '[rpciod]'], ['355', '355', '/lib/systemd/systemd-udevd'], ['371', '0', '[kworker/7:1H]'], ['437', '0', '[edac-poller]'], ['444', '0', '[kworker/2:1H]'], ['455', '0', '[kvm-irqfd-clean]'], ['461', '0', '[kmemstick]'], ['483', '0', '[cfg80211]'], ['529', '0', '[irq/31-iwlwifi]'], ['560', '560', '-bash'], ['639', '639', '-bash'], ['721', '0', '[UVM', 'global', 'queu]'], ['722', '0', '[UVM', 'Tools', 'Event]'], ['812', '0', '[kworker/4:1H]'], ['813', '0', '[kworker/6:1H]'], ['824', '0', '[kworker/1:1H]'], ['911', '0', '[jbd2/sdd1-8]'], ['912', '0', '[ext4-rsv-conver]'], ['918', '0', '[jbd2/sdc1-8]'], ['919', '0', '[ext4-rsv-conver]'], ['928', '0', '[xfsalloc]'], ['929', '0', '[xfs_mru_cache]'], ['930', '0', '[xfs-buf/sdb1]'], ['931', '0', '[xfs-data/sdb1]'], ['932', '0', '[xfs-conv/sdb1]'], ['933', '0', '[xfs-cil/sdb1]'], ['934', '0', '[xfs-reclaim/sdb]'], ['935', '0', '[xfs-log/sdb1]'], ['936', '0', '[xfs-eofblocks/s]'], ['937', '0', '[xfsaild/sdb1]'], ['1060', '0', '[kworker/3:0]'], ['1146', '1146', '/sbin/rpcbind', '-f', '-w'], ['1157', '1157', '/usr/lib/snapd/snapd'], ['1160', '1160', '/usr/sbin/cron', '-f'], ['1162', '1162', '/usr/lib/bluetooth/bluetoothd'], ['1163', '1163', '/usr/bin/python3', '/usr/lib/system76-driver/system76-daemon'], ['1169', '1169', '/usr/sbin/thermald', '--no-daemon', '--dbus-enable'], ['1171', '1171', '/usr/bin/dbus-daemon', '--system', '--address=systemd:', '--nofork', '--nopidfile', '--systemd-activation'], ['1189', '0', '[kworker/5:1H]'], ['1213', '1213', '/usr/bin/freshclam', '-d', '--foreground=true'], ['1223', '1223', '/lib/systemd/systemd-logind'], ['1226', '1226', '/usr/sbin/ModemManager'], ['1228', '1228', '/usr/sbin/NetworkManager', '--no-daemon'], ['1230', '1230', 'avahi-daemon:', 'running', '[pattejerhp.local]'], ['1234', '1234', '/usr/lib/accountsservice/accounts-daemon'], ['1238', '1238', '/usr/sbin/acpid'], ['1242', '1242', '/usr/bin/rsync', '--daemon', '--no-detach'], ['1254', '1254', '/usr/bin/whoopsie', '-f'], ['1306', '1230', 'avahi-daemon:', 'chroot', 'helper'], ['1370', '1370', '/usr/bin/vmware-usbarbitrator'], ['1401', '1401', '/usr/sbin/lightdm'], ['1402', '1402', '/usr/sbin/irqbalance', '--pid=/var/run/irqbalance.pid'], ['1408', '1408', '/usr/lib/policykit-1/polkitd', '--no-debug'], ['1504', '1504', '/usr/sbin/sshd', '-D'], ['1517', '1517', '/usr/sbin/libvirtd'], ['1519', '1519', '/usr/bin/memcached', '-m', '64', '-p', '11211', '-u', 'memcache', '-l', '127.0.0.1'], ['1523', '1523', '/bin/sh', '/usr/bin/mysqld_safe'], ['1561', '1561', '/usr/lib/xorg/Xorg', '-core', ':0', '-seat', 'seat0', '-auth', '/var/run/lightdm/root/:0', '-nolisten', 'tcp', 'vt7', '-novtswitch'], ['1901', '1523', '/usr/sbin/mysqld', '--basedir=/usr', '--datadir=/var/lib/mysql', '--plugin-dir=/usr/lib/mysql/plugin', '--log-error=/var/log/mysql/error.log', '--pid-file=/var/run/mysqld/mysqld.pid', '--socket=/var/run/mysqld/mysqld.sock', '--port=3306'], ['1936', '1936', '/usr/bin/nvidia-persistenced', '--user', 'nvidia-persistenced', '--no-persistence-mode', '--verbose'], ['1937', '1937', '/sbin/wpa_supplicant', '-u', '-s', '-O', '/run/wpa_supplicant'], ['2016', '2016', '/sbin/agetty', '--noclear', 'tty1', 'linux'], ['2021', '2020', '/usr/sbin/syslogd', '--no-forward'], ['2026', '0', '[iprt-VBoxWQueue]'], ['2030', '0', '[iprt-VBoxTscThr]'], ['2143', '2143', '/usr/lib/vmware/bin/vmware-vmblock-fuse', '-o', 'subtype=vmware-vmblock,default_permissions,allow_other', '/var/run/vmblock-fuse'], ['2164', '2164', '/usr/sbin/vmware-authdlauncher'], ['2176', '2176', '/usr/bin/python', '/usr/bin/keystone-all', '--config-file=/etc/keystone/keystone.conf', '--log-file=/var/log/keystone/keystone.log'], ['2261', '2261', '/sbin/agetty', '--noclear', 'tty5', 'linux'], ['2597', '2596', '/usr/sbin/dnsmasq', '--conf-file=/var/lib/libvirt/dnsmasq/default.conf', '--leasefile-ro', '--dhcp-script=/usr/lib/libvirt/libvirt_leaseshelper'], ['2598', '2596', '/usr/sbin/dnsmasq', '--conf-file=/var/lib/libvirt/dnsmasq/default.conf', '--leasefile-ro', '--dhcp-script=/usr/lib/libvirt/libvirt_leaseshelper'], ['2855', '2855', '/sbin/dhclient', '-1', '-v', '-pf', '/run/dhclient.eth0.pid', '-lf', '/var/lib/dhcp/dhclient.eth0.leases', '-I', '-df', '/var/lib/dhcp/dhclient6.eth0.leases', 'eth0'], ['2935', '1401', 'lightdm', '--session-child', '12', '19'], ['2937', '2937', 'bash'], ['3011', '3011', '/usr/lib/rtkit/rtkit-daemon'], ['3019', '2176', '/usr/bin/python', '/usr/bin/keystone-all', '--config-file=/etc/keystone/keystone.conf', '--log-file=/var/log/keystone/keystone.log'], ['3020', '2176', '/usr/bin/python', '/usr/bin/keystone-all', '--config-file=/etc/keystone/keystone.conf', '--log-file=/var/log/keystone/keystone.log'], ['3021', '2176', '/usr/bin/python', '/usr/bin/keystone-all', '--config-file=/etc/keystone/keystone.conf', '--log-file=/var/log/keystone/keystone.log'], ['3022', '2176', '/usr/bin/python', '/usr/bin/keystone-all', '--config-file=/etc/keystone/keystone.conf', '--log-file=/var/log/keystone/keystone.log'], ['3023', '2176', '/usr/bin/python', '/usr/bin/keystone-all', '--config-file=/etc/keystone/keystone.conf', '--log-file=/var/log/keystone/keystone.log'], ['3024', '2176', '/usr/bin/python', '/usr/bin/keystone-all', '--config-file=/etc/keystone/keystone.conf', '--log-file=/var/log/keystone/keystone.log'], ['3025', '2176', '/usr/bin/python', '/usr/bin/keystone-all', '--config-file=/etc/keystone/keystone.conf', '--log-file=/var/log/keystone/keystone.log'], ['3026', '2176', '/usr/bin/python', '/usr/bin/keystone-all', '--config-file=/etc/keystone/keystone.conf', '--log-file=/var/log/keystone/keystone.log'], ['3027', '2176', '/usr/bin/python', '/usr/bin/keystone-all', '--config-file=/etc/keystone/keystone.conf', '--log-file=/var/log/keystone/keystone.log'], ['3028', '2176', '/usr/bin/python', '/usr/bin/keystone-all', '--config-file=/etc/keystone/keystone.conf', '--log-file=/var/log/keystone/keystone.log'], ['3029', '2176', '/usr/bin/python', '/usr/bin/keystone-all', '--config-file=/etc/keystone/keystone.conf', '--log-file=/var/log/keystone/keystone.log'], ['3030', '2176', '/usr/bin/python', '/usr/bin/keystone-all', '--config-file=/etc/keystone/keystone.conf', '--log-file=/var/log/keystone/keystone.log'], ['3031', '2176', '/usr/bin/python', '/usr/bin/keystone-all', '--config-file=/etc/keystone/keystone.conf', '--log-file=/var/log/keystone/keystone.log'], ['3032', '2176', '/usr/bin/python', '/usr/bin/keystone-all', '--config-file=/etc/keystone/keystone.conf', '--log-file=/var/log/keystone/keystone.log'], ['3033', '2176', '/usr/bin/python', '/usr/bin/keystone-all', '--config-file=/etc/keystone/keystone.conf', '--log-file=/var/log/keystone/keystone.log'], ['3034', '2176', '/usr/bin/python', '/usr/bin/keystone-all', '--config-file=/etc/keystone/keystone.conf', '--log-file=/var/log/keystone/keystone.log'], ['3047', '0', '[krfcommd]'], ['3050', '3050', '/usr/lib/upower/upowerd'], ['3079', '3079', '/usr/lib/colord/colord'], ['3098', '3098', '/lib/systemd/systemd', '--user'], ['3100', '3098', '(sd-pam)'], ['3106', '3105', '/usr/bin/gnome-keyring-daemon', '--daemonize', '--login'], ['3108', '3108', '/sbin/upstart', '--user'], ['3302', '3301', 'upstart-udev-bridge', '--daemon', '--user'], ['3313', '3313', 'dbus-daemon', '--fork', '--session', '--address=unix:abstract=/tmp/dbus-1GIuPDSz5S'], ['3325', '3325', '/usr/lib/x86_64-linux-gnu/hud/window-stack-bridge'], ['3365', '3364', 'upstart-dbus-bridge', '--daemon', '--system', '--user', '--bus-name', 'system'], ['3366', '3363', 'upstart-file-bridge', '--daemon', '--user'], ['3368', '3367', 'upstart-dbus-bridge', '--daemon', '--session', '--user', '--bus-name', 'session'], ['3369', '3369', 'gpg-agent', '--homedir', '/home/jerpat/.gnupg', '--use-standard-socket', '--daemon'], ['3382', '3382', '/usr/lib/x86_64-linux-gnu/bamf/bamfdaemon'], ['3385', '3385', '/usr/bin/ibus-daemon', '--daemonize', '--xim', '--address', 'unix:tmpdir=/tmp/ibus'], ['3398', '3313', '/usr/lib/gvfs/gvfsd'], ['3403', '3313', '/usr/lib/gvfs/gvfsd-fuse', '/run/user/1000/gvfs', '-f', '-o', 'big_writes'], ['3406', '3385', '/usr/lib/ibus/ibus-dconf'], ['3409', '3385', '/usr/lib/ibus/ibus-ui-gtk3'], ['3414', '3385', '/usr/lib/ibus/ibus-x11', '--kill-daemon'], ['3427', '3385', '/usr/lib/ibus/ibus-engine-simple'], ['3439', '3439', '/usr/lib/x86_64-linux-gnu/hud/hud-service'], ['3441', '3441', '/usr/lib/unity-settings-daemon/unity-settings-daemon'], ['3447', '3447', '/usr/lib/at-spi2-core/at-spi-bus-launcher', '--launch-immediately'], ['3448', '3448', '/usr/lib/gnome-session/gnome-session-binary', '--session=ubuntu'], ['3453', '3447', '/usr/bin/dbus-daemon', '--config-file=/etc/at-spi2/accessibility.conf', '--nofork', '--print-address', '3'], ['3456', '3456', '/usr/lib/x86_64-linux-gnu/unity/unity-panel-service'], ['3464', '3447', '/usr/lib/at-spi2-core/at-spi2-registryd', '--use-gnome-session'], ['3486', '3313', '/usr/lib/dconf/dconf-service'], ['3488', '3488', '/usr/lib/x86_64-linux-gnu/indicator-messages/indicator-messages-service'], ['3489', '3489', '/usr/lib/x86_64-linux-gnu/indicator-bluetooth/indicator-bluetooth-service'], ['3490', '3490', '/usr/lib/x86_64-linux-gnu/indicator-power/indicator-power-service'], ['3491', '3491', '/usr/lib/x86_64-linux-gnu/indicator-datetime/indicator-datetime-service'], ['3493', '3493', '/usr/lib/x86_64-linux-gnu/indicator-keyboard/indicator-keyboard-service', '--use-gtk'], ['3497', '3497', '/usr/lib/x86_64-linux-gnu/indicator-sound/indicator-sound-service'], ['3500', '3500', '/usr/lib/x86_64-linux-gnu/indicator-printers/indicator-printers-service'], ['3503', '3503', '/usr/lib/x86_64-linux-gnu/indicator-session/indicator-session-service'], ['3506', '3506', '/usr/lib/x86_64-linux-gnu/indicator-application/indicator-application-service'], ['3540', '3313', '/usr/lib/evolution/evolution-source-registry'], ['3550', '3549', '/usr/bin/pulseaudio', '--start', '--log-target=syslog'], ['3587', '3441', 'syndaemon', '-i', '1.0', '-t', '-K', '-R'], ['3588', '3588', 'compiz'], ['3591', '3313', '/usr/lib/evolution/evolution-calendar-factory'], ['3603', '3313', '/usr/lib/evolution/evolution-calendar-factory-subprocess', '--factory', 'contacts', '--bus-name', 'org.gnome.evolution.dataserver.Subprocess.Backend.Calendarx3591x2', '--own-path', '/org/gnome/evolution/dataserver/Subprocess/Backend/Calendar/3591/2'], ['3613', '3313', '/usr/lib/evolution/evolution-addressbook-factory'], ['3615', '3313', '/usr/lib/evolution/evolution-calendar-factory-subprocess', '--factory', 'local', '--bus-name', 'org.gnome.evolution.dataserver.Subprocess.Backend.Calendarx3591x3', '--own-path', '/org/gnome/evolution/dataserver/Subprocess/Backend/Calendar/3591/3'], ['3622', '3313', '/usr/lib/evolution/evolution-addressbook-factory-subprocess', '--factory', 'local', '--bus-name', 'org.gnome.evolution.dataserver.Subprocess.Backend.AddressBookx3613x2', '--own-path', '/org/gnome/evolution/dataserver/Subprocess/Backend/AddressBook/3613/2'], ['3648', '3313', '/usr/lib/gvfs/gvfs-udisks2-volume-monitor'], ['3651', '3651', '/usr/lib/udisks2/udisksd', '--no-debug'], ['3663', '3313', '/usr/lib/gvfs/gvfs-mtp-volume-monitor'], ['3668', '3313', '/usr/lib/gvfs/gvfs-gphoto2-volume-monitor'], ['3673', '3313', '/usr/lib/gvfs/gvfs-afc-volume-monitor'], ['3679', '3313', '/usr/lib/gvfs/gvfs-goa-volume-monitor'], ['3690', '3313', '/usr/bin/nautilus', '--gapplication-service'], ['3692', '3313', '/usr/lib/gvfs/gvfsd-trash', '--spawner', ':1.6', '/org/gtk/gvfs/exec_spaw/0'], ['3717', '3448', 'nm-applet'], ['3719', '3448', '/usr/bin/gnome-software', '--gapplication-service'], ['3724', '3448', '/usr/lib/unity-settings-daemon/unity-fallback-mount-helper'], ['3734', '3448', '/usr/lib/evolution/evolution-alarm-notify'], ['3745', '3448', '/usr/lib/policykit-1-gnome/polkit-gnome-authentication-agent-1'], ['3770', '1171', '/usr/lib/x86_64-linux-gnu/fwupd/fwupd'], ['3801', '3313', '/usr/lib/gvfs/gvfsd-burn', '--spawner', ':1.6', '/org/gtk/gvfs/exec_spaw/1'], ['3832', '3588', '/usr/lib/virtualbox/VirtualBox'], ['3836', '3313', '/usr/lib/x86_64-linux-gnu/gconf/gconfd-2'], ['3843', '3843', '/usr/lib/virtualbox/VBoxXPCOMIPCD'], ['3848', '3848', '/usr/lib/virtualbox/VBoxSVC', '--auto-shutdown'], ['3896', '3896', '/usr/lib/virtualbox/VirtualBox', '--comment', 'HP', 'COE', '--startvm', '9b89e2d9-3de2-43f8-acf6-06192f894587', '--no-startvm-errormsgbox'], ['3939', '3939', '/usr/lib/virtualbox/VBoxNetDHCP', '--ip-address', '192.168.56.100', '--lower-ip', '192.168.56.101', '--mac-address', '08:00:27:5D:15:46', '--netmask', '255.255.255.0', '--network', 'HostInterfaceNetworking-vboxnet0', '--trunk-name', 'vboxnet0', '--trunk-type', 'netflt', '--upper-ip', '192.168.56.254'], ['3970', '3448', 'telepathy-indicator'], ['3977', '3313', '/usr/lib/telepathy/mission-control-5'], ['4017', '3313', '/usr/lib/gnome-terminal/gnome-terminal-server'], ['4023', '4023', 'bash'], ['4038', '3448', 'zeitgeist-datahub'], ['4044', '3313', '/bin/sh', '-c', '/usr/lib/x86_64-linux-gnu/zeitgeist/zeitgeist-maybe-vacuum;', '/usr/bin/zeitgeist-daemon'], ['4048', '3313', '/usr/bin/zeitgeist-daemon'], ['4055', '3313', '/usr/lib/x86_64-linux-gnu/zeitgeist-fts'], ['4121', '3448', 'update-notifier'], ['4183', '3448', '/usr/lib/x86_64-linux-gnu/deja-dup/deja-dup-monitor'], ['4291', '0', '[dio/sda2]'], ['4496', '4496', 'bash'], ['4641', '3588', '/usr/lib/firefox/firefox'], ['4777', '4777', 'bash'], ['5044', '5044', 'bash'], ['5945', '5945', 'bash'], ['8210', '0', '[jbd2/sdb2-8]'], ['8211', '0', '[ext4-rsv-conver]'], ['8225', '3313', '/usr/lib/gvfs/gvfsd-metadata'], ['8228', '3313', '/usr/lib/gvfs/gvfsd-network', '--spawner', ':1.6', '/org/gtk/gvfs/exec_spaw/2'], ['8237', '3313', '/usr/lib/gvfs/gvfsd-smb-browse', '--spawner', ':1.6', '/org/gtk/gvfs/exec_spaw/3'], ['8255', '3313', '/usr/lib/gvfs/gvfsd-dnssd', '--spawner', ':1.6', '/org/gtk/gvfs/exec_spaw/5'], ['8710', '8710', '/usr/lib/virtualbox/VirtualBox', '--comment', 'test-ubuntu-14.04.3-server', '--startvm', 'e0d7b8ea-1e10-4bad-85cf-7d8f2d44a005', '--no-startvm-errormsgbox'], ['8821', '8821', '/usr/lib/virtualbox/VirtualBox', '--comment', 'test-ubuntu-16.10', '--startvm', '54056917-109d-4dc8-9e01-5b244ae9cb35', '--no-startvm-errormsgbox'], ['8845', '0', '[kworker/1:1]'], ['8915', '8915', 'bash'], ['11064', '0', '[kworker/u17:1]'], ['11188', '0', '[kworker/6:1]'], ['11189', '0', '[kworker/7:1]'], ['11218', '11218', 'bash'], ['11347', '11347', '/usr/sbin/dnsmasq', '--no-resolv', '--keep-in-foreground', '--no-hosts', '--bind-interfaces', '--pid-file=/var/run/NetworkManager/dnsmasq.pid', '--listen-address=127.0.1.1', '--cache-size=0', '--conf-file=/dev/null', '--proxy-dnssec', '--enable-dbus=org.freedesktop.NetworkManager.dnsmasq', '--conf-dir=/etc/NetworkManager/dnsmasq.d'], ['11865', '0', '[irq/30-mei_me]'], ['11868', '0', '[hci0]'], ['11869', '0', '[hci0]'], ['11873', '0', '[kworker/2:0]'], ['11874', '0', '[kworker/5:1]'], ['12369', '0', '[kworker/0:0]'], ['12735', '12735', 'bash'], ['13059', '13059', '/usr/sbin/cups-browsed'], ['13064', '0', '[kworker/7:2]'], ['13162', '0', '[kworker/3:1]'], ['13236', '13236', 'bash'], ['13698', '13698', 'bash'], ['14120', '14120', 'bash'], ['14682', '0', '[kworker/u17:2]'], ['15256', '15256', 'vi', 'testPypiProvider_basic.py'], ['15326', '15326', 'bash'], ['15367', '15367', 'vi', 'PypiProvider.py'], ['15454', '0', '[kworker/0:2]'], ['15548', '0', '[kworker/u16:0]'], ['16400', '16400', 'bash'], ['16458', '16458', 'vi', 'cloudsystem-hlinux/'], ['16469', '16469', 'ssh', '-l', 'builder', 'build-files.cldsys.hpcloud.net'], ['18217', '0', '[kworker/2:2]'], ['18477', '0', '[kworker/u16:2]'], ['20653', '20653', 'bash'], ['21315', '0', '[kworker/0:1]'], ['21319', '21319', '/usr/bin/python', '/usr/bin/csmake', '--command=test-pypi', '--debug', '--dev-output', 'test'], ['21320', '21319', 'tee', 'test.out'], ['21325', '0', '[kworker/u16:1]'], ['22741', '0', '[kworker/4:1]'], ['24146', '24146', 'bash'], ['24405', '3313', '/usr/lib/x86_64-linux-gnu/notify-osd'], ['24433', '0', '[kworker/1:0]'], ['24567', '0', '[kworker/5:0]'], ['24828', '0', '[kworker/6:2]'], ['26480', '0', '[kworker/4:0]'], ['26935', '26935', '/usr/bin/dockerd', '-H', 'fd://', '--insecure-registry', 'docker-registry.cldsys.hpcloud.net:5000', '--insecure-registry', 'dragon8.ftc.hpeswlab.net:5000'], ['26942', '26942', 'containerd', '-l', 'unix:///var/run/docker/libcontainerd/docker-containerd.sock', '--shim', 'containerd-shim', '--metrics-interval=0', '--start-timeout', '2m', '--state-dir', '/var/run/docker/libcontainerd/containerd', '--runtime', 'runc'], ['27519', '3588', '/usr/lib/libreoffice/program/oosplash', '--writer'], ['27538', '3588', '/usr/lib/libreoffice/program/soffice.bin', '--writer', '--splash-pipe=5'], ['28711', '28711', 'dhclient'], ['29075', '29075', 'bash'], ['29271', '29270', 'avahi-autoipd:', '[virbr0-nic]', 'bound', '169.254.6.219'], ['29272', '29270', 'avahi-autoipd:', '[virbr0-nic]', 'callout', 'dispatcher'], ['29288', '29287', 'avahi-autoipd:', '[docker0]', 'sleeping'], ['29289', '29287', 'avahi-autoipd:', '[docker0]', 'callout', 'dispatcher'], ['29301', '29300', 'avahi-autoipd:', '[virbr0]', 'sleeping'], ['29302', '29300', 'avahi-autoipd:', '[virbr0]', 'callout', 'dispatcher'], ['29713', '29713', 'bash'], ['30467', '30467', 'bash'], ['31367', '31367', 'bash'], ['31847', '0', '[jfsIO]'], ['31848', '0', '[jfsCommit]'], ['31849', '0', '[jfsCommit]'], ['31850', '0', '[jfsCommit]'], ['31851', '0', '[jfsCommit]'], ['31852', '0', '[jfsCommit]'], ['31853', '0', '[jfsCommit]'], ['31854', '0', '[jfsCommit]'], ['31855', '0', '[jfsCommit]'], ['31856', '0', '[jfsSync]']]
` ^%^%^ DEV: Process ['21320', '21319', 'tee', 'test.out'] running before csmake started

------------------------------------------------------------------

  __   __   __   __   __   __   __   __   __   __   __   __   __   __   __
 _\/_ _\/_ _\/_ _\/_ _\/_ _\/_ _\/_ _\/_ _\/_ _\/_ _\/_ _\/_ _\/_ _\/_ _\/_
 \/\/ \/\/ \/\/ \/\/ \/\/ \/\/ \/\/ \/\/ \/\/ \/\/ \/\/ \/\/ \/\/ \/\/ \/\/

     csmake: Failed
------------------------------------------------------------------

     End csmake - version 1.5.18
------------------------------------------------------------------

 ___  ______  ______  ______  ______  ______  ______  ______  ______  ___
  __)(__  __)(__  __)(__  __)(__  __)(__  __)(__  __)(__  __)(__  __)(__
 (______)(______)(______)(______)(______)(______)(______)(______)(______)
